root@Jorisschool:~# cd ~/JukeBoxJoris/JukeBoxJoris
root@Jorisschool:~/JukeBoxJoris/JukeBoxJoris# ./vendor/bin/sail up -d
WARN[0000] The "MYSQL_EXTRA_OPTIONS" variable is not set. Defaulting to a blank string.
WARN[0000] The "MYSQL_EXTRA_OPTIONS" variable is not set. Defaulting to a blank string.
[+] Running 7/7
 ✔ Network jukeboxjoris_sail              Created                                                                  0.1s
 ✔ Container jukeboxjoris-redis-1         Started                                                                  1.1s
 ✔ Container jukeboxjoris-mailpit-1       Started                                                                  1.0s
 ✔ Container jukeboxjoris-selenium-1      Started                                                                  0.9s
 ✔ Container jukeboxjoris-mysql-1         Started                                                                  1.1s
 ✔ Container jukeboxjoris-meilisearch-1   Started                                                                  1.0s
 ✔ Container jukeboxjoris-laravel.test-1  Started                                                                  1.3s
root@Jorisschool:~/JukeBoxJoris/JukeBoxJoris# ./vendor/bin/sail
Laravel Sail

Usage:
  sail COMMAND [options] [arguments]

Unknown commands are passed to the docker-compose binary.

docker-compose Commands:
  sail up        Start the application
  sail up -d     Start the application in the background
  sail stop      Stop the application
  sail restart   Restart the application
  sail ps        Display the status of all containers

Artisan Commands:
  sail artisan ...          Run an Artisan command
  sail artisan queue:work

PHP Commands:
  sail php ...   Run a snippet of PHP code
  sail php -v

Composer Commands:
  sail composer ...                       Run a Composer command
  sail composer require laravel/sanctum

Node Commands:
  sail node ...         Run a Node command
  sail node --version

NPM Commands:
  sail npm ...        Run a npm command
  sail npx            Run a npx command
  sail npm run prod

PNPM Commands:
  sail pnpm ...        Run a pnpm command
  sail pnpx            Run a pnpx command
  sail pnpm run prod

Yarn Commands:
  sail yarn ...        Run a Yarn command
  sail yarn run prod

Bun Commands:
  sail bun ...        Run a bun command
  sail bunx           Run a bunx command
  sail bun run prod

Database Commands:
  sail mysql     Start a MySQL CLI session within the 'mysql' container
  sail mariadb   Start a MySQL CLI session within the 'mariadb' container
  sail psql      Start a PostgreSQL CLI session within the 'pgsql' container
  sail mongodb   Start a Mongo Shell session within the 'mongodb' container
  sail redis     Start a Redis CLI session within the 'redis' container
  sail valkey    Start a Valkey CLI session within the 'valkey' container

Debugging:
  sail debug ...          Run an Artisan command in debug mode
  sail debug queue:work

Running Tests:
  sail test          Run the PHPUnit tests via the Artisan test command
  sail phpunit ...   Run PHPUnit
  sail pest ...      Run Pest
  sail pint ...      Run Pint
  sail dusk          Run the Dusk tests (Requires the laravel/dusk package)
  sail dusk:fails    Re-run previously failed Dusk tests (Requires the laravel/dusk package)

Container CLI:
  sail shell        Start a shell session within the application container
  sail bash         Alias for 'sail shell'
  sail root-shell   Start a root shell session within the application container
  sail root-bash    Alias for 'sail root-shell'
  sail tinker       Start a new Laravel Tinker session

Sharing:
  sail share   Share the application publicly via a temporary URL
  sail open    Open the site in your browser

Binaries:
  sail bin ...   Run Composer binary scripts from the vendor/bin directory
  sail run ...   Run a command within the application container

Customization:
  sail artisan sail:publish   Publish the Sail configuration files
  sail build --no-cache       Rebuild all of the Sail containers
root@Jorisschool:~/JukeBoxJoris/JukeBoxJoris# php artisan make:model Genre -m
Command 'php' not found, but can be installed with:
apt install php8.1-cli  # version 8.1.2-1ubuntu2.22, or
apt install php-cli     # version 2:8.1+92ubuntu1
root@Jorisschool:~/JukeBoxJoris/JukeBoxJoris# ./vendor/bin/sail artisan make:model Genre -m
WARN[0000] The "MYSQL_EXTRA_OPTIONS" variable is not set. Defaulting to a blank string.
WARN[0000] The "MYSQL_EXTRA_OPTIONS" variable is not set. Defaulting to a blank string.

   UnexpectedValueException

  The stream or file "/var/www/html/storage/logs/laravel.log" could not be opened in append mode: Failed to open stream: Permission denied
The exception occurred while attempting to log: file_put_contents(/var/www/html/app/Models/Genre.php): Failed to open stream: Permission denied
Context: {"exception":{}}

  at vendor/monolog/monolog/src/Monolog/Handler/StreamHandler.php:156
    152▕             }
    153▕             if (!\is_resource($stream)) {
    154▕                 $this->stream = null;
    155▕
  ➜ 156▕                 throw new \UnexpectedValueException(sprintf('The stream or file "%s" could not be opened in append mode: '.$this->errorMessage, $url) . Utils::getRecordMessageForException($record));
    157▕             }
    158▕             stream_set_chunk_size($stream, $this->streamChunkSize);
    159▕             $this->stream = $stream;
    160▕         }

      +12 vendor frames

  13  artisan:16
      Illuminate\Foundation\Application::handleCommand()

root@Jorisschool:~/JukeBoxJoris/JukeBoxJoris# ./vendor/bin/sail artisan make:seeder GenresTableSeeder
WARN[0000] The "MYSQL_EXTRA_OPTIONS" variable is not set. Defaulting to a blank string.
WARN[0000] The "MYSQL_EXTRA_OPTIONS" variable is not set. Defaulting to a blank string.

   UnexpectedValueException

  The stream or file "/var/www/html/storage/logs/laravel.log" could not be opened in append mode: Failed to open stream: Permission denied
The exception occurred while attempting to log: file_put_contents(/var/www/html/database/seeders/GenresTableSeeder.php): Failed to open stream: Permission denied
Context: {"exception":{}}

  at vendor/monolog/monolog/src/Monolog/Handler/StreamHandler.php:156
    152▕             }
    153▕             if (!\is_resource($stream)) {
    154▕                 $this->stream = null;
    155▕
  ➜ 156▕                 throw new \UnexpectedValueException(sprintf('The stream or file "%s" could not be opened in append mode: '.$this->errorMessage, $url) . Utils::getRecordMessageForException($record));
    157▕             }
    158▕             stream_set_chunk_size($stream, $this->streamChunkSize);
    159▕             $this->stream = $stream;
    160▕         }

      +12 vendor frames

  13  artisan:16
      Illuminate\Foundation\Application::handleCommand()

root@Jorisschool:~/JukeBoxJoris/JukeBoxJoris# sudo chown -R $USER:$USER storage bootstrap/cache
root@Jorisschool:~/JukeBoxJoris/JukeBoxJoris# sudo chmod -R 775 storage bootstrap/cache
root@Jorisschool:~/JukeBoxJoris/JukeBoxJoris# ./vendor/bin/sail root-shell
WARN[0000] The "MYSQL_EXTRA_OPTIONS" variable is not set. Defaulting to a blank string.
WARN[0000] The "MYSQL_EXTRA_OPTIONS" variable is not set. Defaulting to a blank string.
root@e97b2917d302:/var/www/html# chown -R www-data:www-data storage bootstrap/cache
root@e97b2917d302:/var/www/html# chmod -R 775 storage bootstrap/cache
root@e97b2917d302:/var/www/html# exit
exit
root@Jorisschool:~/JukeBoxJoris/JukeBoxJoris# ./vendor/bin/sail artisan make:seeder GenresTableSeeder
WARN[0000] The "MYSQL_EXTRA_OPTIONS" variable is not set. Defaulting to a blank string.
WARN[0000] The "MYSQL_EXTRA_OPTIONS" variable is not set. Defaulting to a blank string.

   UnexpectedValueException

  The stream or file "/var/www/html/storage/logs/laravel.log" could not be opened in append mode: Failed to open stream: Permission denied
The exception occurred while attempting to log: file_put_contents(/var/www/html/database/seeders/GenresTableSeeder.php): Failed to open stream: Permission denied
Context: {"exception":{}}

  at vendor/monolog/monolog/src/Monolog/Handler/StreamHandler.php:156
    152▕             }
    153▕             if (!\is_resource($stream)) {
    154▕                 $this->stream = null;
    155▕
  ➜ 156▕                 throw new \UnexpectedValueException(sprintf('The stream or file "%s" could not be opened in append mode: '.$this->errorMessage, $url) . Utils::getRecordMessageForException($record));
    157▕             }
    158▕             stream_set_chunk_size($stream, $this->streamChunkSize);
    159▕             $this->stream = $stream;
    160▕         }

      +12 vendor frames

  13  artisan:16
      Illuminate\Foundation\Application::handleCommand()

root@Jorisschool:~/JukeBoxJoris/JukeBoxJoris#