exit
root@Jorisschool:~/JukeBoxJoris/JukeBoxJoris# cd ~/JukeBoxJoris/JukeBoxJoris
root@Jorisschool:~/JukeBoxJoris/JukeBoxJoris# chown -R 1000:1000 storage/logs
root@Jorisschool:~/JukeBoxJoris/JukeBoxJoris# chmod -R 775 storage/logs
root@Jorisschool:~/JukeBoxJoris/JukeBoxJoris# ls -la storage/logs
total 56
drwxrwxr-x 2 1000 docker  4096 Sep 15 11:18 .
drwxrwxr-x 5 1000 docker  4096 Aug 29 19:40 ..
-rwxrwxr-x 1 1000 docker    14 Aug 29 19:40 .gitignore
-rwxrwxr-x 1 1000 docker 37303 Sep 17 15:00 laravel.log
root@Jorisschool:~/JukeBoxJoris/JukeBoxJoris# ./vendor/bin/sail down
WARN[0000] The "MYSQL_EXTRA_OPTIONS" variable is not set. Defaulting to a blank string.
WARN[0000] The "MYSQL_EXTRA_OPTIONS" variable is not set. Defaulting to a blank string.
[+] Running 7/7
 ✔ Container jukeboxjoris-laravel.test-1  Removed                                                                  1.1s
 ✔ Container jukeboxjoris-redis-1         Removed                                                                  0.4s
 ✔ Container jukeboxjoris-meilisearch-1   Removed                                                                  0.4s
 ✔ Container jukeboxjoris-mailpit-1       Removed                                                                  0.7s
 ✔ Container jukeboxjoris-selenium-1      Removed                                                                  4.6s
 ✔ Container jukeboxjoris-mysql-1         Removed                                                                  1.9s
 ✔ Network jukeboxjoris_sail              Removed                                                                  0.4s
root@Jorisschool:~/JukeBoxJoris/JukeBoxJoris# ./vendor/bin/sail up -d
WARN[0000] The "MYSQL_EXTRA_OPTIONS" variable is not set. Defaulting to a blank string.
WARN[0000] The "MYSQL_EXTRA_OPTIONS" variable is not set. Defaulting to a blank string.
[+] Running 7/7
 ✔ Network jukeboxjoris_sail              Created                                                                  0.0s
 ✔ Container jukeboxjoris-meilisearch-1   Started                                                                  0.8s
 ✔ Container jukeboxjoris-mailpit-1       Started                                                                  0.7s
 ✔ Container jukeboxjoris-mysql-1         Started                                                                  0.7s
 ✔ Container jukeboxjoris-redis-1         Started                                                                  0.6s
 ✔ Container jukeboxjoris-selenium-1      Started                                                                  0.6s
 ✔ Container jukeboxjoris-laravel.test-1  Started                                                                  1.0s
root@Jorisschool:~/JukeBoxJoris/JukeBoxJoris# ./vendor/bin/sail shell
WARN[0000] The "MYSQL_EXTRA_OPTIONS" variable is not set. Defaulting to a blank string.
WARN[0000] The "MYSQL_EXTRA_OPTIONS" variable is not set. Defaulting to a blank string.
sail@dc823dd141a9:/var/www/html$ php artisan make:model Song -mf

   UnexpectedValueException

  The stream or file "/var/www/html/storage/logs/laravel.log" could not be opened in append mode: Failed to open stream: Permission denied
The exception occurred while attempting to log: file_put_contents(/var/www/html/app/Models/Song.php): Failed to open stream: Permission denied
Context: {"exception":{}}

  at vendor/monolog/monolog/src/Monolog/Handler/StreamHandler.php:156
    152▕             }
    153▕             if (!\is_resource($stream)) {
    154▕                 $this->stream = null;
    155▕
  ➜ 156▕                 throw new \UnexpectedValueException(sprintf('The stream or file "%s" could not be opened in append mode: '.$this->errorMessage, $url) . Utils::getRecordMessageForException($record));
    157▕             }
    158▕             stream_set_chunk_size($stream, $this->streamChunkSize);
    159▕             $this->stream = $stream;
    160▕         }

      +12 vendor frames

  13  artisan:16
      Illuminate\Foundation\Application::handleCommand()

sail@dc823dd141a9:/var/www/html$